App.tsx(1,8): error TS6133: 'React' is declared but its value is never read.
App.tsx(18,10): error TS6133: 'changePinMode' is declared but its value is never read.
App.tsx(348,17): error TS2322: Type '(id: string, newPin: string) => Promise<boolean>' is not assignable to type '(id: string, pin: string) => boolean'.
  Type 'Promise<boolean>' is not assignable to type 'boolean'.
backend/src/routes/badges.ts(8,24): error TS6133: 'req' is declared but its value is never read.
backend/src/routes/courses.ts(8,24): error TS6133: 'req' is declared but its value is never read.
backend/src/routes/users.ts(8,24): error TS6133: 'req' is declared but its value is never read.
backend/src/server.ts(25,15): error TS6133: 'req' is declared but its value is never read.
backend/src/server.ts(43,25): error TS6133: 'req' is declared but its value is never read.
components/CourseBuilder.tsx(6,10): error TS6133: 'Plus' is declared but its value is never read.
components/CourseBuilder.tsx(6,46): error TS6133: 'Image' is declared but its value is never read.
components/CourseBuilder.tsx(193,43): error TS6133: 'index' is declared but its value is never read.
components/CoursePlayer.tsx(4,39): error TS6133: 'Play' is declared but its value is never read.
components/EducatorDashboard.tsx(7,17): error TS6133: 'BookOpen' is declared but its value is never read.
components/EducatorDashboard.tsx(7,41): error TS6133: 'Search' is declared but its value is never read.
components/EducatorDashboard.tsx(333,32): error TS6133: 'entry' is declared but its value is never read.
components/LoginScreen.tsx(2,1): error TS6133: 'User' is declared but its value is never read.
components/LoginScreen.tsx(5,10): error TS6133: 'ChevronLeft' is declared but its value is never read.
components/NurseDashboard.tsx(3,10): error TS6133: 'Award' is declared but its value is never read.
components/NurseDashboard.tsx(3,105): error TS6133: 'RotateCcw' is declared but its value is never read.
services/api.ts(2,29): error TS2339: Property 'env' does not exist on type 'ImportMeta'.
